<html>
<body>
<pre>
<h1>礦ision Build Log</h1>
<h2>Tool Versions:</h2>
IDE-Version: μVision V5.14.0.0
Copyright (C) 2015 ARM Ltd and ARM Germany GmbH. All rights reserved.
License Information: yang meichen, ymc, LIC=R4HKP-M72VM-JMR98-33SDS-RJ7CK-MM6B0
 
Tool Versions:
Toolchain:       MDK-ARM Professional  Version: 5.14.0.0
Toolchain Path:  E:\Program Files (x86)\Keil\ARM\ARMCC\Bin
C Compiler:      Armcc.exe V5.05 update 1 (build 106)
Assembler:       Armasm.exe V5.05 update 1 (build 106)
Linker/Locator:  ArmLink.exe V5.05 update 1 (build 106)
Library Manager: ArmAr.exe V5.05 update 1 (build 106)
Hex Converter:   FromElf.exe V5.05 update 1 (build 106)
CPU DLL:         SARMCM3.DLL V5.14.0.0
Dialog DLL:      DARMSTM.DLL V1.65.0.0
Target DLL:      STLink\ST-LINKIII-KEIL_SWO.dll V2.0.14.0_KEIL
Dialog DLL:      TCM.DLL V1.14.4.0
 
<h2>Project:</h2>
E:\QQ文件\研究生\资料\liunx\MyFreeRTOS\RTOS_任务切换\led_c.uvprojx
Project File Date:  07/22/2023

<h2>Output:</h2>
Build target 'led_c'
linking...
.\Objects\led_c.axf: Warning: L6305W: Image does not have an entry point. (Not specified or not set due to multiple choices.)
Program Size: Code=4252 RO-data=76 RW-data=28 ZI-data=3460  
Finished: 0 information, 1 warning and 0 error messages.
FromELF: creating hex file...
After Build - User command #1: fromelf  --bin  --output=led.bin  Objects\led_c.axf
After Build - User command #2: fromelf  --text  -c  --output Objects\led_c.text Objects\led_c.axf
".\Objects\led_c.axf" - 0 Error(s), 1 Warning(s).

<h2>Collection of Component include folders:</h2>
  E:\QQ文件\研究生\资料\liunx\MyFreeRTOS\RTOS_任务切换\RTE
  E:\Program Files (x86)\Keil\ARM\PACK\Keil\STM32F1xx_DFP\2.2.0

<h2>Collection of Component Files used:</h2>
</pre>
</body>
</html>
