<html>
<body>
<pre>
<h1>礦ision Build Log</h1>
<h2>Tool Versions:</h2>
IDE-Version: μVision V5.14.0.0
Copyright (C) 2015 ARM Ltd and ARM Germany GmbH. All rights reserved.
License Information: yang meichen, ymc, LIC=R4HKP-M72VM-JMR98-33SDS-RJ7CK-MM6B0
 
Tool Versions:
Toolchain:       MDK-ARM Professional  Version: 5.14.0.0
Toolchain Path:  E:\Program Files (x86)\Keil\ARM\ARMCC\Bin
C Compiler:      Armcc.exe V5.05 update 1 (build 106)
Assembler:       Armasm.exe V5.05 update 1 (build 106)
Linker/Locator:  ArmLink.exe V5.05 update 1 (build 106)
Library Manager: ArmAr.exe V5.05 update 1 (build 106)
Hex Converter:   FromElf.exe V5.05 update 1 (build 106)
CPU DLL:         SARMCM3.DLL V5.14.0.0
Dialog DLL:      DARMSTM.DLL V1.65.0.0
Target DLL:      UL2CM3.DLL V1.155.0.0
Dialog DLL:      TARMSTM.DLL V1.64.0.0
 
<h2>Project:</h2>
E:\QQ文件\研究生\资料\liunx\01_FreeRTOS快速入门\1_项目源码\02_视频配套的源码\02_source_from_freertos\FreeRTOSv202107.00\FreeRTOS\Demo\CORTEX_STM32F103_Keil\RTOSDemo.uvprojx
Project File Date:  07/03/2023

<h2>Output:</h2>
Build target 'Target 1'
compiling main.c...
main.c(290): warning:  #177-D: variable "i" was declared but never referenced
        int i ;
main.c: 1 warning, 0 errors
linking...
Program Size: Code=11432 RO-data=288 RW-data=120 ZI-data=19072  
".\RTOSDemo.axf" - 0 Error(s), 1 Warning(s).

<h2>Collection of Component include folders:</h2>
  E:\QQ文件\研究生\资料\liunx\01_FreeRTOS快速入门\1_项目源码\02_视频配套的源码\02_source_from_freertos\FreeRTOSv202107.00\FreeRTOS\Demo\CORTEX_STM32F103_Keil\RTE
  E:\Program Files (x86)\Keil\ARM\PACK\Keil\STM32F1xx_DFP\2.2.0

<h2>Collection of Component Files used:</h2>
</pre>
</body>
</html>
