Component: ARM Compiler 5.05 update 1 (build 106) Tool: armlink [4d0efa]

==============================================================================

Section Cross References

    main.o(i.mymain) refers to task.o(i.create_task) for create_task
    main.o(i.mymain) refers to task.o(i.start_task) for start_task
    main.o(i.mymain) refers to main.o(.bss) for stack_c
    main.o(i.mymain) refers to main.o(i.task_c) for task_c
    main.o(i.task_a) refers to uart.o(i.putchar) for putchar
    main.o(i.task_c) refers to string.o(i.put_s_hex) for put_s_hex
    start.o(RESET) refers to start.o(.text) for Reset_Handler
    start.o(RESET) refers to exception.o(i.HardFault_Handler) for HardFault_Handler
    start.o(RESET) refers to exception.o(i.SVC_Handler) for SVC_Handler
    start.o(.text) refers to init.o(i.SystemInit) for SystemInit
    start.o(.text) refers to uart.o(i.uart_init) for uart_init
    start.o(.text) refers to exception.o(i.UsageFaultInit) for UsageFaultInit
    start.o(.text) refers to systick.o(i.SysTickInit) for SysTickInit
    start.o(.text) refers to led.o(i.LedInit) for LedInit
    start.o(.text) refers to exception.o(i.UsageFault_Handler) for UsageFault_Handler
    start.o(.text) refers to systick.o(i.SysTick_Handler) for SysTick_Handler
    start.o(.text) refers to main.o(i.mymain) for mymain
    string.o(i.put_s_hex) refers to string.o(i.puts) for puts
    string.o(i.put_s_hex) refers to string.o(i.puthex) for puthex
    string.o(i.puthex) refers to string.o(i.puts) for puts
    string.o(i.puthex) refers to uart.o(i.putchar) for putchar
    string.o(i.puts) refers to uart.o(i.putchar) for putchar
    init.o(i.SystemInit) refers to rt_memcpy_w.o(.text) for __aeabi_memcpy4
    init.o(i.SystemInit) refers to rt_memclr_w.o(.text) for __aeabi_memclr4
    exception.o(i.HardFault_Handler) refers to string.o(i.puts) for puts
    exception.o(i.SVC_Handler) refers to string.o(i.puts) for puts
    exception.o(i.UsageFault_Handler) refers to string.o(i.puts) for puts
    exception.o(i.UsageFault_Handler) refers to string.o(i.put_s_hex) for put_s_hex
    systick.o(i.SysTick_Handler) refers to task.o(i.is_task_running) for is_task_running
    systick.o(i.SysTick_Handler) refers to task.o(i.get_stack) for get_stack
    systick.o(i.SysTick_Handler) refers to start.o(.text) for StartTask_asm
    systick.o(i.SysTick_Handler) refers to task.o(i.next_task) for next_task
    systick.o(i.SysTick_Handler) refers to task.o(i.set_task_stack) for set_task_stack
    systick.o(i.SysTick_Handler) refers to task.o(.data) for cur_task
    task.o(i.create_task) refers to task.o(.data) for task_count
    task.o(i.create_task) refers to task.o(.bss) for task_stacks
    task.o(i.get_stack) refers to task.o(.bss) for task_stacks
    task.o(i.is_task_running) refers to task.o(.data) for task_running
    task.o(i.next_task) refers to task.o(.data) for cur_task
    task.o(i.set_task_stack) refers to task.o(.bss) for task_stacks
    task.o(i.start_task) refers to noretval__2printf.o(.text) for __2printf
    task.o(i.start_task) refers to task.o(.bss) for task_stacks
    task.o(i.start_task) refers to task.o(.data) for task_running
    __2printf.o(.text) refers to _printf_char_file.o(.text) for _printf_char_file
    __2printf.o(.text) refers to stdio_streams.o(.bss) for __stdout
    noretval__2printf.o(.text) refers to _printf_char_file.o(.text) for _printf_char_file
    noretval__2printf.o(.text) refers to stdio_streams.o(.bss) for __stdout
    _printf_char_file.o(.text) refers to _printf_char_common.o(.text) for _printf_char_common
    _printf_char_file.o(.text) refers to ferror.o(.text) for ferror
    _printf_char_file.o(.text) refers to fputc.o(i.fputc) for fputc
    stdio_streams.o(.bss) refers (Special) to initio.o(.text) for _initio
    stdio_streams.o(.bss) refers (Special) to initio.o(.text) for _initio
    stdio_streams.o(.bss) refers (Special) to initio.o(.text) for _initio
    stdio_streams.o(.data) refers (Special) to initio.o(.text) for _initio
    stdio_streams.o(.data) refers (Special) to initio.o(.text) for _initio
    stdio_streams.o(.data) refers (Special) to initio.o(.text) for _initio
    _printf_char_common.o(.text) refers to __printf_nopercent.o(.text) for __printf
    fputc.o(i.fputc) refers to flsbuf.o(.text) for __flsbuf_byte
    initio.o(.text) refers (Special) to libinit2.o(.ARM.Collect$$libinit$$00000025) for __rt_lib_init_stdio_2
    initio.o(.text) refers (Special) to libshutdown2.o(.ARM.Collect$$libshutdown$$00000003) for __rt_lib_shutdown_stdio_2
    initio.o(.text) refers to rt_memclr_w.o(.text) for __aeabi_memclr4
    initio.o(.text) refers to fopen.o(.text) for freopen
    initio.o(.text) refers to defsig_rtred_outer.o(.text) for __rt_SIGRTRED
    initio.o(.text) refers to setvbuf.o(.text) for setvbuf
    initio.o(.text) refers to fclose.o(.text) for _fclose_internal
    initio.o(.text) refers to h1_free.o(.text) for free
    initio.o(.text) refers to stdio_streams.o(.bss) for __stdin
    initio.o(.text) refers to stdio_streams.o(.bss) for __stdout
    initio.o(.text) refers to stdio_streams.o(.bss) for __stderr
    initio.o(.text) refers to stdio_streams.o(.data) for __aeabi_stdin
    initio.o(.text) refers to stdio_streams.o(.data) for __aeabi_stdout
    initio.o(.text) refers to stdio_streams.o(.data) for __aeabi_stderr
    initio.o(.text) refers to sys_io.o(.constdata) for __stdin_name
    initio.o(.text) refers to sys_io.o(.constdata) for __stdout_name
    initio.o(.text) refers to sys_io.o(.constdata) for __stderr_name
    initio_locked.o(.text) refers (Special) to libinit2.o(.ARM.Collect$$libinit$$00000025) for __rt_lib_init_stdio_2
    initio_locked.o(.text) refers (Special) to libshutdown2.o(.ARM.Collect$$libshutdown$$00000003) for __rt_lib_shutdown_stdio_2
    initio_locked.o(.text) refers to rt_memclr_w.o(.text) for __aeabi_memclr4
    initio_locked.o(.text) refers to fopen.o(.text) for freopen
    initio_locked.o(.text) refers to defsig_rtred_outer.o(.text) for __rt_SIGRTRED
    initio_locked.o(.text) refers to setvbuf.o(.text) for setvbuf
    initio_locked.o(.text) refers to fclose.o(.text) for _fclose_internal
    initio_locked.o(.text) refers to h1_free.o(.text) for free
    initio_locked.o(.text) refers to stdio_streams.o(.bss) for __stdin
    initio_locked.o(.text) refers to stdio_streams.o(.bss) for __stdout
    initio_locked.o(.text) refers to stdio_streams.o(.bss) for __stderr
    initio_locked.o(.text) refers to stdio_streams.o(.data) for __aeabi_stdin
    initio_locked.o(.text) refers to stdio_streams.o(.data) for __aeabi_stdout
    initio_locked.o(.text) refers to stdio_streams.o(.data) for __aeabi_stderr
    initio_locked.o(.text) refers to streamlock.o(.data) for _stream_list_lock
    initio_locked.o(.text) refers to sys_io.o(.constdata) for __stdin_name
    initio_locked.o(.text) refers to sys_io.o(.constdata) for __stdout_name
    initio_locked.o(.text) refers to sys_io.o(.constdata) for __stderr_name
    sys_io.o(.text) refers (Special) to use_no_semi.o(.text) for __I$use$semihosting
    sys_io.o(.text) refers (Special) to indicate_semi.o(.text) for __semihosting_library_function
    sys_io.o(.text) refers to strlen.o(.text) for strlen
    sys_io.o(.constdata) refers (Special) to use_no_semi.o(.text) for __I$use$semihosting
    sys_io.o(.constdata) refers (Special) to indicate_semi.o(.text) for __semihosting_library_function
    sys_io.o(.constdata) refers (Special) to use_no_semi.o(.text) for __I$use$semihosting
    sys_io.o(.constdata) refers (Special) to indicate_semi.o(.text) for __semihosting_library_function
    sys_io.o(.constdata) refers (Special) to use_no_semi.o(.text) for __I$use$semihosting
    sys_io.o(.constdata) refers (Special) to indicate_semi.o(.text) for __semihosting_library_function
    free.o(.text) refers (Special) to hguard.o(.text) for __heap$guard
    free.o(.text) refers to rt_heap_descriptor.o(.text) for __rt_heap_descriptor
    free.o(.text) refers to heapstubs.o(.text) for __Heap_Free
    h1_free.o(.text) refers to rt_heap_descriptor.o(.text) for __rt_heap_descriptor
    h1_free_mt.o(.text) refers to rt_heap_descriptor.o(.text) for __rt_heap_descriptor
    heap2.o(i._FDIterate) refers to heap2.o(.conststring) for .conststring
    heap2.o(i.___Heap_ProvideMemory$realtime) refers to fdtree.o(i._FDTree_Delete) for _FDTree_Delete
    heap2.o(i.___Heap_ProvideMemory$realtime) refers to fdtree.o(i._FDTree_Insert) for _FDTree_Insert
    heap2.o(i.___Heap_Stats$realtime) refers to heap2.o(i._Heap2_StatsIterate) for _Heap2_StatsIterate
    heap2.o(i.___Heap_Valid$realtime) refers to heap2.o(i._FDIterate) for _FDIterate
    heap2.o(i.___Heap_Valid$realtime) refers to heap2.o(.conststring) for .conststring
    heap2.o(i._free$realtime) refers to rt_heap_descriptor.o(.text) for __rt_heap_descriptor
    heap2.o(i._free$realtime) refers to fdtree.o(i._FDTree_Delete) for _FDTree_Delete
    heap2.o(i._free$realtime) refers to fdtree.o(i._FDTree_Insert) for _FDTree_Insert
    heap2.o(i._malloc$realtime) refers to rt_heap_descriptor.o(.text) for __rt_heap_descriptor
    heap2.o(i._malloc$realtime) refers to fdtree.o(i._FDTree_FindFirst) for _FDTree_FindFirst
    heap2.o(i._malloc$realtime) refers to init_alloc.o(.text) for __Heap_Full
    heap2.o(i._malloc$realtime) refers to fdtree.o(i._FDTree_RemoveNode) for _FDTree_RemoveNode
    heap2.o(i._malloc$realtime) refers to fdtree.o(i._FDTree_Insert) for _FDTree_Insert
    heap2.o(i._posix_memalign$realtime) refers to rt_heap_descriptor.o(.text) for __rt_heap_descriptor
    heap2.o(i._posix_memalign$realtime) refers to fdtree.o(i._FDTree_FindFirst) for _FDTree_FindFirst
    heap2.o(i._posix_memalign$realtime) refers to init_alloc.o(.text) for __Heap_Full
    heap2.o(i._posix_memalign$realtime) refers to fdtree.o(i._FDTree_RemoveNode) for _FDTree_RemoveNode
    heap2.o(i._posix_memalign$realtime) refers to fdtree.o(i._FDTree_Insert) for _FDTree_Insert
    heap2.o(i._realloc$realtime) refers to rt_heap_descriptor.o(.text) for __rt_heap_descriptor
    heap2.o(i._realloc$realtime) refers to fdtree.o(i._FDTree_Insert) for _FDTree_Insert
    heap2.o(i._realloc$realtime) refers to h1_free.o(.text) for free
    heap2.o(i._realloc$realtime) refers to h1_alloc.o(.text) for malloc
    heap2.o(i._realloc$realtime) refers to fdtree.o(i._FDTree_Delete) for _FDTree_Delete
    heap2.o(i._realloc$realtime) refers to rt_memcpy_w.o(.text) for __aeabi_memcpy4
    heap2mt.o(i._FDIterate) refers to heap2mt.o(.conststring) for .conststring
    heap2mt.o(i.___Heap_Initialize$realtime$concurrent) refers to mutex_dummy.o(.text) for _mutex_initialize
    heap2mt.o(i.___Heap_ProvideMemory$realtime$concurrent) refers to fdtree.o(i._FDTree_Delete) for _FDTree_Delete
    heap2mt.o(i.___Heap_ProvideMemory$realtime$concurrent) refers to fdtree.o(i._FDTree_Insert) for _FDTree_Insert
    heap2mt.o(i.___Heap_Stats$realtime$concurrent) refers to heap2mt.o(i._Heap2_StatsIterate) for _Heap2_StatsIterate
    heap2mt.o(i.___Heap_Valid$realtime$concurrent) refers to heap2mt.o(i._FDIterate) for _FDIterate
    heap2mt.o(i.___Heap_Valid$realtime$concurrent) refers to heap2mt.o(.conststring) for .conststring
    heap2mt.o(i._free$realtime$concurrent) refers to rt_heap_descriptor.o(.text) for __rt_heap_descriptor
    heap2mt.o(i._free$realtime$concurrent) refers to fdtree.o(i._FDTree_Delete) for _FDTree_Delete
    heap2mt.o(i._free$realtime$concurrent) refers to fdtree.o(i._FDTree_Insert) for _FDTree_Insert
    heap2mt.o(i._malloc$realtime$concurrent) refers to rt_heap_descriptor.o(.text) for __rt_heap_descriptor
    heap2mt.o(i._malloc$realtime$concurrent) refers to fdtree.o(i._FDTree_FindFirst) for _FDTree_FindFirst
    heap2mt.o(i._malloc$realtime$concurrent) refers to init_alloc.o(.text) for __Heap_Full
    heap2mt.o(i._malloc$realtime$concurrent) refers to fdtree.o(i._FDTree_RemoveNode) for _FDTree_RemoveNode
    heap2mt.o(i._malloc$realtime$concurrent) refers to fdtree.o(i._FDTree_Insert) for _FDTree_Insert
    heap2mt.o(i._posix_memalign$realtime$concurrent) refers to rt_heap_descriptor.o(.text) for __rt_heap_descriptor
    heap2mt.o(i._posix_memalign$realtime$concurrent) refers to fdtree.o(i._FDTree_FindFirst) for _FDTree_FindFirst
    heap2mt.o(i._posix_memalign$realtime$concurrent) refers to init_alloc.o(.text) for __Heap_Full
    heap2mt.o(i._posix_memalign$realtime$concurrent) refers to fdtree.o(i._FDTree_RemoveNode) for _FDTree_RemoveNode
    heap2mt.o(i._posix_memalign$realtime$concurrent) refers to fdtree.o(i._FDTree_Insert) for _FDTree_Insert
    heap2mt.o(i._realloc$realtime$concurrent) refers to rt_heap_descriptor.o(.text) for __rt_heap_descriptor
    heap2mt.o(i._realloc$realtime$concurrent) refers to fdtree.o(i._FDTree_Insert) for _FDTree_Insert
    heap2mt.o(i._realloc$realtime$concurrent) refers to h1_free.o(.text) for free
    heap2mt.o(i._realloc$realtime$concurrent) refers to h1_alloc.o(.text) for malloc
    heap2mt.o(i._realloc$realtime$concurrent) refers to fdtree.o(i._FDTree_Delete) for _FDTree_Delete
    heap2mt.o(i._realloc$realtime$concurrent) refers to rt_memcpy_w.o(.text) for __aeabi_memcpy4
    flsbuf.o(.text) refers to stdio.o(.text) for _deferredlazyseek
    flsbuf.o(.text) refers to sys_io.o(.text) for _sys_flen
    flsbuf.o(.text) refers to h1_alloc.o(.text) for malloc
    streamlock.o(.data) refers (Special) to initio.o(.text) for _initio
    fopen.o(.text) refers to fclose.o(.text) for _fclose_internal
    fopen.o(.text) refers to sys_io.o(.text) for _sys_open
    fopen.o(.text) refers to fseek.o(.text) for _fseek
    fopen.o(.text) refers to h1_alloc.o(.text) for malloc
    fopen.o(.text) refers to rt_memclr_w.o(.text) for __aeabi_memclr4
    fopen.o(.text) refers to stdio_streams.o(.bss) for __stdin
    fclose.o(.text) refers to stdio.o(.text) for _fflush
    fclose.o(.text) refers to sys_io.o(.text) for _sys_close
    fclose.o(.text) refers to h1_free.o(.text) for free
    fclose.o(.text) refers to rt_memclr_w.o(.text) for __aeabi_memclr4
    fopen_locked.o(.text) refers to fclose.o(.text) for _fclose_internal
    fopen_locked.o(.text) refers to sys_io.o(.text) for _sys_open
    fopen_locked.o(.text) refers to fseek.o(.text) for _fseek
    fopen_locked.o(.text) refers to h1_alloc.o(.text) for malloc
    fopen_locked.o(.text) refers to rt_memclr_w.o(.text) for __aeabi_memclr4
    fopen_locked.o(.text) refers to streamlock.o(.data) for _stream_list_lock
    fopen_locked.o(.text) refers to stdio_streams.o(.bss) for __stdin
    defsig_rtred_outer.o(.text) refers to defsig_rtred_inner.o(.text) for __rt_SIGRTRED_inner
    defsig_rtred_outer.o(.text) refers to defsig_exit.o(.text) for __sig_exit
    defsig_rtred_formal.o(.text) refers to rt_raise.o(.text) for __rt_raise
    libinit2.o(.ARM.Collect$$libinit$$00000005) refers (Weak) to init_alloc.o(.text) for _init_alloc
    libinit2.o(.ARM.Collect$$libinit$$00000010) refers to libinit2.o(.ARM.Collect$$libinit$$0000000F) for .ARM.Collect$$libinit$$0000000F
    libinit2.o(.ARM.Collect$$libinit$$00000012) refers to libinit2.o(.ARM.Collect$$libinit$$0000000F) for .ARM.Collect$$libinit$$0000000F
    libinit2.o(.ARM.Collect$$libinit$$00000014) refers to libinit2.o(.ARM.Collect$$libinit$$0000000F) for .ARM.Collect$$libinit$$0000000F
    libinit2.o(.ARM.Collect$$libinit$$00000016) refers to libinit2.o(.ARM.Collect$$libinit$$0000000F) for .ARM.Collect$$libinit$$0000000F
    libinit2.o(.ARM.Collect$$libinit$$00000018) refers to libinit2.o(.ARM.Collect$$libinit$$0000000F) for .ARM.Collect$$libinit$$0000000F
    libinit2.o(.ARM.Collect$$libinit$$00000024) refers (Weak) to initio.o(.text) for _initio
    libinit2.o(.ARM.Collect$$libinit$$00000026) refers to argv_veneer.o(.emb_text) for __ARM_argv_veneer
    libinit2.o(.ARM.Collect$$libinit$$00000027) refers to argv_veneer.o(.emb_text) for __ARM_argv_veneer
    libshutdown2.o(.ARM.Collect$$libshutdown$$00000002) refers (Weak) to initio.o(.text) for _terminateio
    libshutdown2.o(.ARM.Collect$$libshutdown$$0000000C) refers (Weak) to term_alloc.o(.text) for _terminate_alloc
    flsbuf_fwide.o(.text) refers to flsbuf.o(.text) for __flsbuf
    rt_raise.o(.text) refers to __raise.o(.text) for __raise
    rt_raise.o(.text) refers to sys_exit.o(.text) for _sys_exit
    rt_heap_descriptor.o(.text) refers to rt_heap_descriptor.o(.bss) for __rt_heap_descriptor_data
    rt_heap_descriptor_intlibspace.o(.text) refers to libspace.o(.bss) for __libspace_start
    init_alloc.o(.text) refers (Special) to hguard.o(.text) for __heap$guard
    init_alloc.o(.text) refers (Special) to libinit2.o(.ARM.Collect$$libinit$$0000000A) for __rt_lib_init_heap_2
    init_alloc.o(.text) refers (Special) to maybetermalloc1.o(.emb_text) for _maybe_terminate_alloc
    init_alloc.o(.text) refers to heapauxa.o(.text) for __rt_heap_expand
    init_alloc.o(.text) refers to h1_extend.o(.text) for __Heap_ProvideMemory
    init_alloc.o(.text) refers to defsig_rtmem_outer.o(.text) for __rt_SIGRTMEM
    init_alloc.o(.text) refers to rt_heap_descriptor.o(.text) for __rt_heap_descriptor
    init_alloc.o(.text) refers to h1_init.o(.text) for __Heap_Initialize
    malloc.o(.text) refers (Special) to hguard.o(.text) for __heap$guard
    malloc.o(.text) refers (Special) to init_alloc.o(.text) for _init_alloc
    malloc.o(.text) refers to rt_heap_descriptor.o(.text) for __rt_heap_descriptor
    malloc.o(.text) refers to heapstubs.o(.text) for __Heap_Alloc
    h1_alloc.o(.text) refers (Special) to h1_init.o(.text) for __Heap_Initialize
    h1_alloc.o(.text) refers to rt_heap_descriptor.o(.text) for __rt_heap_descriptor
    h1_alloc.o(.text) refers to init_alloc.o(.text) for __Heap_Full
    h1_alloc_mt.o(.text) refers (Special) to h1_init.o(.text) for __Heap_Initialize
    h1_alloc_mt.o(.text) refers to init_alloc.o(.text) for __Heap_Full
    h1_alloc_mt.o(.text) refers to rt_heap_descriptor.o(.text) for __rt_heap_descriptor
    _printf_char_file_locked.o(.text) refers to _printf_char_common.o(.text) for _printf_char_common
    _printf_char_file_locked.o(.text) refers to fputc.o(i._fputc$unlocked) for _fputc$unlocked
    fseek.o(.text) refers to sys_io.o(.text) for _sys_istty
    fseek.o(.text) refers to ftell.o(.text) for _ftell_internal
    fseek.o(.text) refers to stdio.o(.text) for _seterr
    stdio.o(.text) refers to sys_io.o(.text) for _sys_seek
    fwritefast.o(.text) refers to stdio.o(.text) for _writebuf
    fwritefast.o(.text) refers to flsbuf.o(.text) for __flsbuf_byte
    fwritefast.o(.text) refers to rt_memcpy_v6.o(.text) for __aeabi_memcpy
    fwritefast_locked.o(.text) refers to stdio.o(.text) for _writebuf
    fwritefast_locked.o(.text) refers to flsbuf.o(.text) for __flsbuf_byte
    fwritefast_locked.o(.text) refers to rt_memcpy_v6.o(.text) for __aeabi_memcpy
    defsig_exit.o(.text) refers to sys_exit.o(.text) for _sys_exit
    defsig_rtred_inner.o(.text) refers to defsig_general.o(.text) for __default_signal_display
    assert_stdio.o(.text) refers to fputs.o(.text) for fputs
    assert_stdio.o(.text) refers to fflush.o(.text) for fflush
    assert_stdio.o(.text) refers to stdio_streams.o(.bss) for __stderr
    argv_veneer.o(.emb_text) refers to _get_argv.o(.text) for __ARM_get_argv
    sys_exit.o(.text) refers (Special) to use_no_semi.o(.text) for __I$use$semihosting
    sys_exit.o(.text) refers (Special) to indicate_semi.o(.text) for __semihosting_library_function
    libspace.o(.text) refers to libspace.o(.bss) for __libspace_start
    maybetermalloc2.o(.emb_text) refers (Special) to term_alloc.o(.text) for _terminate_alloc
    h1_extend.o(.text) refers to h1_free.o(.text) for free
    h1_init_mt.o(.text) refers to mutex_dummy.o(.text) for _mutex_initialize
    h1_extend_mt.o(.text) refers to h1_free_mt.o(.text) for _free_internal
    fflush.o(.text) refers to stdio.o(.text) for _fflush
    fflush.o(.text) refers to fseek.o(.text) for _fseek
    fflush.o(.text) refers to stdio_streams.o(.bss) for __stdin
    fputs.o(.text) refers to fputc.o(i.fputc) for fputc
    ftell.o(.text) refers to rt_errno_addr.o(.text) for __aeabi_errno_addr
    fflush_locked.o(.text) refers to stdio.o(.text) for _fflush
    fflush_locked.o(.text) refers to fseek.o(.text) for _fseek
    fflush_locked.o(.text) refers to fflush.o(.text) for _do_fflush
    fflush_locked.o(.text) refers to streamlock.o(.data) for _stream_list_lock
    fflush_locked.o(.text) refers to stdio_streams.o(.bss) for __stdin
    __raise.o(.text) refers to defsig.o(CL$$defsig) for __default_signal_handler
    defsig_general.o(.text) refers to sys_wrch.o(.text) for _ttywrch
    defsig_rtmem_outer.o(.text) refers to defsig_rtmem_inner.o(.text) for __rt_SIGRTMEM_inner
    defsig_rtmem_outer.o(.text) refers to defsig_exit.o(.text) for __sig_exit
    defsig_rtmem_formal.o(.text) refers to rt_raise.o(.text) for __rt_raise
    rt_memcpy_v6.o(.text) refers to rt_memcpy_w.o(.text) for __aeabi_memcpy4
    heapauxa.o(.text) refers to heapauxa.o(.data) for .data
    _get_argv.o(.text) refers (Special) to hrguard.o(.text) for __heap_region$guard
    _get_argv.o(.text) refers to h1_alloc.o(.text) for malloc
    _get_argv.o(.text) refers to defsig_rtmem_outer.o(.text) for __rt_SIGRTMEM
    _get_argv.o(.text) refers to sys_command.o(.text) for _sys_command_string
    _get_argv_nomalloc.o(.text) refers (Special) to hrguard.o(.text) for __heap_region$guard
    _get_argv_nomalloc.o(.text) refers to defsig_rtmem_outer.o(.text) for __rt_SIGRTMEM
    _get_argv_nomalloc.o(.text) refers to sys_command.o(.text) for _sys_command_string
    sys_wrch.o(.text) refers (Special) to use_no_semi.o(.text) for __I$use$semihosting
    sys_wrch.o(.text) refers (Special) to indicate_semi.o(.text) for __semihosting_library_function
    sys_command.o(.text) refers (Special) to use_no_semi.o(.text) for __I$use$semihosting
    sys_command.o(.text) refers (Special) to indicate_semi.o(.text) for __semihosting_library_function
    rt_errno_addr.o(.text) refers to rt_errno_addr.o(.bss) for __aeabi_errno_addr_data
    rt_errno_addr_intlibspace.o(.text) refers to libspace.o(.bss) for __libspace_start
    term_alloc.o(.text) refers (Special) to libshutdown2.o(.ARM.Collect$$libshutdown$$0000000E) for __rt_lib_shutdown_heap_2
    term_alloc.o(.text) refers to rt_heap_descriptor.o(.text) for __rt_heap_descriptor
    term_alloc.o(.text) refers to h1_final.o(.text) for __Heap_Finalize
    defsig_rtmem_inner.o(.text) refers to defsig_general.o(.text) for __default_signal_display
    defsig.o(CL$$defsig) refers to defsig_rtred_inner.o(.text) for __rt_SIGRTRED_inner
    defsig.o(CL$$defsig) refers to defsig_rtmem_inner.o(.text) for __rt_SIGRTMEM_inner
    defsig_abrt_inner.o(.text) refers to defsig_general.o(.text) for __default_signal_display
    defsig_fpe_inner.o(.text) refers to defsig_general.o(.text) for __default_signal_display
    defsig_stak_inner.o(.text) refers to defsig_general.o(.text) for __default_signal_display
    defsig_pvfn_inner.o(.text) refers to defsig_general.o(.text) for __default_signal_display
    defsig_cppl_inner.o(.text) refers to defsig_general.o(.text) for __default_signal_display
    defsig_segv_inner.o(.text) refers to defsig_general.o(.text) for __default_signal_display
    defsig_other.o(.text) refers to defsig_general.o(.text) for __default_signal_display


==============================================================================

Image Symbol Table

    Local Symbols

    Symbol Name                              Value     Ov Type        Size  Object(Section)

    ../clib/angel/rt.s                       0x00000000   Number         0  rt_heap_descriptor.o ABSOLUTE
    ../clib/angel/rt.s                       0x00000000   Number         0  rt_errno_addr_intlibspace.o ABSOLUTE
    ../clib/angel/rt.s                       0x00000000   Number         0  rt_errno_addr.o ABSOLUTE
    ../clib/angel/rt.s                       0x00000000   Number         0  rt_heap_descriptor_intlibspace.o ABSOLUTE
    ../clib/angel/rt.s                       0x00000000   Number         0  rt_raise.o ABSOLUTE
    ../clib/angel/sys.s                      0x00000000   Number         0  libspace.o ABSOLUTE
    ../clib/angel/sys.s                      0x00000000   Number         0  mutex_dummy.o ABSOLUTE
    ../clib/angel/sys.s                      0x00000000   Number         0  use_no_semi.o ABSOLUTE
    ../clib/angel/sys.s                      0x00000000   Number         0  indicate_semi.o ABSOLUTE
    ../clib/angel/sysapp.c                   0x00000000   Number         0  sys_command.o ABSOLUTE
    ../clib/angel/sysapp.c                   0x00000000   Number         0  sys_wrch.o ABSOLUTE
    ../clib/angel/sysapp.c                   0x00000000   Number         0  sys_exit.o ABSOLUTE
    ../clib/angel/sysapp.c                   0x00000000   Number         0  sys_io.o ABSOLUTE
    ../clib/armsys.c                         0x00000000   Number         0  _get_argv_nomalloc.o ABSOLUTE
    ../clib/armsys.c                         0x00000000   Number         0  no_argv.o ABSOLUTE
    ../clib/armsys.c                         0x00000000   Number         0  _get_argv.o ABSOLUTE
    ../clib/armsys.c                         0x00000000   Number         0  argv_veneer.o ABSOLUTE
    ../clib/armsys.c                         0x00000000   Number         0  argv_veneer.o ABSOLUTE
    ../clib/assert.c                         0x00000000   Number         0  assert_stdio.o ABSOLUTE
    ../clib/heap1.c                          0x00000000   Number         0  h1_free.o ABSOLUTE
    ../clib/heap1.c                          0x00000000   Number         0  h1_free_mt.o ABSOLUTE
    ../clib/heap1.c                          0x00000000   Number         0  h1_alloc_mt.o ABSOLUTE
    ../clib/heap1.c                          0x00000000   Number         0  h1_final_mt.o ABSOLUTE
    ../clib/heap1.c                          0x00000000   Number         0  h1_extend_mt.o ABSOLUTE
    ../clib/heap1.c                          0x00000000   Number         0  h1_init_mt.o ABSOLUTE
    ../clib/heap1.c                          0x00000000   Number         0  h1_final.o ABSOLUTE
    ../clib/heap1.c                          0x00000000   Number         0  h1_init.o ABSOLUTE
    ../clib/heap1.c                          0x00000000   Number         0  h1_alloc.o ABSOLUTE
    ../clib/heap1.c                          0x00000000   Number         0  h1_extend.o ABSOLUTE
    ../clib/heap2.c                          0x00000000   Number         0  heap2mt.o ABSOLUTE
    ../clib/heap2.c                          0x00000000   Number         0  fdtree.o ABSOLUTE
    ../clib/heap2.c                          0x00000000   Number         0  heap2.o ABSOLUTE
    ../clib/heapalloc.c                      0x00000000   Number         0  heapstubs.o ABSOLUTE
    ../clib/heapalloc.c                      0x00000000   Number         0  malloc.o ABSOLUTE
    ../clib/heapalloc.c                      0x00000000   Number         0  init_alloc.o ABSOLUTE
    ../clib/heapalloc.c                      0x00000000   Number         0  hguard.o ABSOLUTE
    ../clib/heapalloc.c                      0x00000000   Number         0  maybetermalloc1.o ABSOLUTE
    ../clib/heapalloc.c                      0x00000000   Number         0  maybetermalloc1.o ABSOLUTE
    ../clib/heapalloc.c                      0x00000000   Number         0  maybetermalloc2.o ABSOLUTE
    ../clib/heapalloc.c                      0x00000000   Number         0  maybetermalloc2.o ABSOLUTE
    ../clib/heapalloc.c                      0x00000000   Number         0  hrguard.o ABSOLUTE
    ../clib/heapalloc.c                      0x00000000   Number         0  free.o ABSOLUTE
    ../clib/heapalloc.c                      0x00000000   Number         0  term_alloc.o ABSOLUTE
    ../clib/heapaux.c                        0x00000000   Number         0  heapauxa.o ABSOLUTE
    ../clib/heapaux.c                        0x00000000   Number         0  heapauxi.o ABSOLUTE
    ../clib/libinit.s                        0x00000000   Number         0  libshutdown2.o ABSOLUTE
    ../clib/libinit.s                        0x00000000   Number         0  libinit2.o ABSOLUTE
    ../clib/memcpset.s                       0x00000000   Number         0  rt_memcpy_v6.o ABSOLUTE
    ../clib/memcpset.s                       0x00000000   Number         0  rt_memcpy_w.o ABSOLUTE
    ../clib/memcpset.s                       0x00000000   Number         0  rt_memclr_w.o ABSOLUTE
    ../clib/printf.c                         0x00000000   Number         0  _printf_char_file.o ABSOLUTE
    ../clib/printf.c                         0x00000000   Number         0  _printf_char_common.o ABSOLUTE
    ../clib/printf.c                         0x00000000   Number         0  noretval__2printf.o ABSOLUTE
    ../clib/printf.c                         0x00000000   Number         0  __printf_nopercent.o ABSOLUTE
    ../clib/printf.c                         0x00000000   Number         0  _printf_char_file_locked.o ABSOLUTE
    ../clib/printf.c                         0x00000000   Number         0  __2printf.o ABSOLUTE
    ../clib/signal.c                         0x00000000   Number         0  defsig_rtred_formal.o ABSOLUTE
    ../clib/signal.c                         0x00000000   Number         0  defsig_exit.o ABSOLUTE
    ../clib/signal.c                         0x00000000   Number         0  defsig_rtred_inner.o ABSOLUTE
    ../clib/signal.c                         0x00000000   Number         0  __raise.o ABSOLUTE
    ../clib/signal.c                         0x00000000   Number         0  defsig_general.o ABSOLUTE
    ../clib/signal.c                         0x00000000   Number         0  defsig_rtmem_outer.o ABSOLUTE
    ../clib/signal.c                         0x00000000   Number         0  defsig_rtmem_formal.o ABSOLUTE
    ../clib/signal.c                         0x00000000   Number         0  defsig_rtmem_inner.o ABSOLUTE
    ../clib/signal.c                         0x00000000   Number         0  defsig_abrt_inner.o ABSOLUTE
    ../clib/signal.c                         0x00000000   Number         0  defsig_fpe_inner.o ABSOLUTE
    ../clib/signal.c                         0x00000000   Number         0  defsig_stak_inner.o ABSOLUTE
    ../clib/signal.c                         0x00000000   Number         0  defsig_pvfn_inner.o ABSOLUTE
    ../clib/signal.c                         0x00000000   Number         0  defsig_cppl_inner.o ABSOLUTE
    ../clib/signal.c                         0x00000000   Number         0  defsig_segv_inner.o ABSOLUTE
    ../clib/signal.c                         0x00000000   Number         0  defsig_other.o ABSOLUTE
    ../clib/signal.c                         0x00000000   Number         0  defsig_rtred_outer.o ABSOLUTE
    ../clib/signal.s                         0x00000000   Number         0  defsig.o ABSOLUTE
    ../clib/stdio.c                          0x00000000   Number         0  fputs.o ABSOLUTE
    ../clib/stdio.c                          0x00000000   Number         0  fwritefast.o ABSOLUTE
    ../clib/stdio.c                          0x00000000   Number         0  ferror.o ABSOLUTE
    ../clib/stdio.c                          0x00000000   Number         0  stdio_streams.o ABSOLUTE
    ../clib/stdio.c                          0x00000000   Number         0  ferror_locked.o ABSOLUTE
    ../clib/stdio.c                          0x00000000   Number         0  fputc.o ABSOLUTE
    ../clib/stdio.c                          0x00000000   Number         0  fflush.o ABSOLUTE
    ../clib/stdio.c                          0x00000000   Number         0  initio_locked.o ABSOLUTE
    ../clib/stdio.c                          0x00000000   Number         0  fputc_locked.o ABSOLUTE
    ../clib/stdio.c                          0x00000000   Number         0  setvbuf.o ABSOLUTE
    ../clib/stdio.c                          0x00000000   Number         0  flsbuf.o ABSOLUTE
    ../clib/stdio.c                          0x00000000   Number         0  fseek.o ABSOLUTE
    ../clib/stdio.c                          0x00000000   Number         0  stdio.o ABSOLUTE
    ../clib/stdio.c                          0x00000000   Number         0  initio.o ABSOLUTE
    ../clib/stdio.c                          0x00000000   Number         0  setvbuf_locked.o ABSOLUTE
    ../clib/stdio.c                          0x00000000   Number         0  streamlock.o ABSOLUTE
    ../clib/stdio.c                          0x00000000   Number         0  fopen.o ABSOLUTE
    ../clib/stdio.c                          0x00000000   Number         0  fwritefast_locked.o ABSOLUTE
    ../clib/stdio.c                          0x00000000   Number         0  fclose.o ABSOLUTE
    ../clib/stdio.c                          0x00000000   Number         0  fflush_locked.o ABSOLUTE
    ../clib/stdio.c                          0x00000000   Number         0  fputs_locked.o ABSOLUTE
    ../clib/stdio.c                          0x00000000   Number         0  fopen_locked.o ABSOLUTE
    ../clib/stdio.c                          0x00000000   Number         0  ftell.o ABSOLUTE
    ../clib/string.c                         0x00000000   Number         0  strlen.o ABSOLUTE
    ../clib/wchar.c                          0x00000000   Number         0  flsbuf_fwide.o ABSOLUTE
    ../fplib/fpinit.s                        0x00000000   Number         0  fpinit.o ABSOLUTE
    dc.s                                     0x00000000   Number         0  dc.o ABSOLUTE
    exception.c                              0x00000000   Number         0  exception.o ABSOLUTE
    init.c                                   0x00000000   Number         0  init.o ABSOLUTE
    led.c                                    0x00000000   Number         0  led.o ABSOLUTE
    main.c                                   0x00000000   Number         0  main.o ABSOLUTE
    start.s                                  0x00000000   Number         0  start.o ABSOLUTE
    string.c                                 0x00000000   Number         0  string.o ABSOLUTE
    systick.c                                0x00000000   Number         0  systick.o ABSOLUTE
    task.c                                   0x00000000   Number         0  task.o ABSOLUTE
    uart.c                                   0x00000000   Number         0  uart.o ABSOLUTE
    RESET                                    0x08000000   Section       64  start.o(RESET)
    .ARM.Collect$$libinit$$0000000A          0x08000040   Section        0  libinit2.o(.ARM.Collect$$libinit$$0000000A)
    .ARM.Collect$$libinit$$00000025          0x08000040   Section        0  libinit2.o(.ARM.Collect$$libinit$$00000025)
    .ARM.Collect$$libshutdown$$00000003      0x08000040   Section        0  libshutdown2.o(.ARM.Collect$$libshutdown$$00000003)
    .emb_text                                0x08000040   Section        0  maybetermalloc1.o(.emb_text)
    .text                                    0x08000040   Section      104  start.o(.text)
    UsageFault_Handler_asm                   0x0800007b   Thumb Code     6  start.o(.text)
    SysTick_Handler_asm                      0x0800008b   Thumb Code    22  start.o(.text)
    .text                                    0x080000a8   Section        0  noretval__2printf.o(.text)
    .text                                    0x080000c0   Section      100  rt_memcpy_w.o(.text)
    .text                                    0x08000124   Section       78  rt_memclr_w.o(.text)
    .text                                    0x08000174   Section        0  _printf_char_file.o(.text)
    .text                                    0x08000198   Section        0  _printf_char_common.o(.text)
    _printf_input_char                       0x08000199   Thumb Code    10  _printf_char_common.o(.text)
    .text                                    0x080001c8   Section        0  ferror.o(.text)
    .text                                    0x080001d0   Section        0  initio.o(.text)
    .text                                    0x08000308   Section        0  sys_io.o(.text)
    .text                                    0x0800036e   Section        0  h1_free.o(.text)
    .text                                    0x080003bc   Section        0  __printf_nopercent.o(.text)
    .text                                    0x080003e4   Section        0  flsbuf.o(.text)
    .text                                    0x080005ba   Section        0  setvbuf.o(.text)
    .text                                    0x08000600   Section        0  fopen.o(.text)
    _freopen_locked                          0x08000601   Thumb Code     0  fopen.o(.text)
    .text                                    0x080006ec   Section        0  fclose.o(.text)
    .text                                    0x08000738   Section        0  defsig_rtred_outer.o(.text)
    .text                                    0x08000746   Section        2  use_no_semi.o(.text)
    .text                                    0x08000748   Section        8  rt_heap_descriptor.o(.text)
    .text                                    0x08000748   Section        0  indicate_semi.o(.text)
    .text                                    0x08000750   Section        0  hguard.o(.text)
    .text                                    0x08000754   Section        0  init_alloc.o(.text)
    .text                                    0x080007de   Section        0  h1_alloc.o(.text)
    .text                                    0x0800083c   Section        0  fseek.o(.text)
    .text                                    0x08000934   Section        0  stdio.o(.text)
    .text                                    0x08000a24   Section        0  defsig_exit.o(.text)
    .text                                    0x08000a30   Section        0  defsig_rtred_inner.o(.text)
    .text                                    0x08000a64   Section        0  strlen.o(.text)
    .text                                    0x08000aa4   Section        0  sys_exit.o(.text)
    .text                                    0x08000ab0   Section        0  h1_init.o(.text)
    .text                                    0x08000abe   Section        0  h1_extend.o(.text)
    .text                                    0x08000af2   Section        0  ftell.o(.text)
    .text                                    0x08000b34   Section        0  defsig_general.o(.text)
    .text                                    0x08000b66   Section        0  defsig_rtmem_outer.o(.text)
    .text                                    0x08000b74   Section        0  heapauxa.o(.text)
    .text                                    0x08000bc4   Section        0  sys_wrch.o(.text)
    .text                                    0x08000bd4   Section        8  rt_errno_addr.o(.text)
    .text                                    0x08000bdc   Section        0  defsig_rtmem_inner.o(.text)
    i.HardFault_Handler                      0x08000c2c   Section        0  exception.o(i.HardFault_Handler)
    i.LedCtrl                                0x08000c4c   Section        0  led.o(i.LedCtrl)
    i.LedInit                                0x08000c6c   Section        0  led.o(i.LedInit)
    i.SVC_Handler                            0x08000c8c   Section        0  exception.o(i.SVC_Handler)
    i.SysTickInit                            0x08000ca8   Section        0  systick.o(i.SysTickInit)
    i.SysTick_Handler                        0x08000cc0   Section        0  systick.o(i.SysTick_Handler)
    i.SystemInit                             0x08000d38   Section        0  init.o(i.SystemInit)
    i.UsageFaultInit                         0x08000d80   Section        0  exception.o(i.UsageFaultInit)
    i.UsageFault_Handler                     0x08000d90   Section        0  exception.o(i.UsageFault_Handler)
    i.create_task                            0x08000e44   Section        0  task.o(i.create_task)
    i.fputc                                  0x08000e90   Section        0  fputc.o(i.fputc)
    i.get_stack                              0x08000eac   Section        0  task.o(i.get_stack)
    i.getchar                                0x08000ebc   Section        0  uart.o(i.getchar)
    i.is_task_running                        0x08000ed4   Section        0  task.o(i.is_task_running)
    i.memcpy                                 0x08000ee0   Section        0  string.o(i.memcpy)
    i.memset                                 0x08000efa   Section        0  string.o(i.memset)
    i.mymain                                 0x08000f10   Section        0  main.o(i.mymain)
    i.next_task                              0x08000f30   Section        0  task.o(i.next_task)
    i.put_s_hex                              0x08000f4c   Section        0  string.o(i.put_s_hex)
    i.putchar                                0x08000f6c   Section        0  uart.o(i.putchar)
    i.puthex                                 0x08000f84   Section        0  string.o(i.puthex)
    i.puts                                   0x08000fc8   Section        0  string.o(i.puts)
    i.set_task_stack                         0x08000fe0   Section        0  task.o(i.set_task_stack)
    i.start_task                             0x08000fec   Section        0  task.o(i.start_task)
    i.task_a                                 0x08001030   Section        0  main.o(i.task_a)
    i.task_c                                 0x08001040   Section        0  main.o(i.task_c)
    i.uart_init                              0x08001064   Section        0  uart.o(i.uart_init)
    .constdata                               0x080010b4   Section        4  sys_io.o(.constdata)
    .constdata                               0x080010b8   Section        4  sys_io.o(.constdata)
    .constdata                               0x080010bc   Section        4  sys_io.o(.constdata)
    .data                                    0x20000000   Section       12  task.o(.data)
    task_count                               0x20000000   Data           4  task.o(.data)
    task_running                             0x20000004   Data           4  task.o(.data)
    .data                                    0x2000000c   Section        4  stdio_streams.o(.data)
    .data                                    0x20000010   Section        4  stdio_streams.o(.data)
    .data                                    0x20000014   Section        4  stdio_streams.o(.data)
    .data                                    0x20000018   Section        4  heapauxa.o(.data)
    __rt_heap_escrow_base                    0x20000018   Data           4  heapauxa.o(.data)
    .bss                                     0x2000001c   Section     3072  main.o(.bss)
    stack_a                                  0x2000001c   Data        1024  main.o(.bss)
    stack_b                                  0x2000041c   Data        1024  main.o(.bss)
    stack_c                                  0x2000081c   Data        1024  main.o(.bss)
    .bss                                     0x20000c1c   Section      128  task.o(.bss)
    task_stacks                              0x20000c1c   Data         128  task.o(.bss)
    .bss                                     0x20000c9c   Section       84  stdio_streams.o(.bss)
    .bss                                     0x20000cf0   Section       84  stdio_streams.o(.bss)
    .bss                                     0x20000d44   Section       84  stdio_streams.o(.bss)
    .bss                                     0x20000d98   Section        4  rt_heap_descriptor.o(.bss)
    __rt_heap_descriptor_data                0x20000d98   Data           4  rt_heap_descriptor.o(.bss)
    .bss                                     0x20000d9c   Section        4  rt_errno_addr.o(.bss)
    __aeabi_errno_addr_data                  0x20000d9c   Data           4  rt_errno_addr.o(.bss)

    Global Symbols

    Symbol Name                              Value     Ov Type        Size  Object(Section)

    BuildAttributes$$THM_ISAv4$P$D$K$B$S$PE$A:L22UL41UL21$X:L11$S22US41US21$IEEE1$IW$USESV6$~STKCKD$USESV7$~SHL$OTIME$ROPI$EBA8$STANDARDLIB$REQ8$PRES8$EABIv2 0x00000000   Number         0  anon$$obj.o ABSOLUTE
    __ARM_exceptions_init                     - Undefined Weak Reference
    __alloca_initialize                       - Undefined Weak Reference
    __arm_preinit_                            - Undefined Weak Reference
    __cpp_initialize__aeabi_                  - Undefined Weak Reference
    __cxa_finalize                            - Undefined Weak Reference
    __rt_locale                               - Undefined Weak Reference
    __sigvec_lookup                           - Undefined Weak Reference
    __user_heap_extent                        - Undefined Weak Reference
    _atexit_init                              - Undefined Weak Reference
    _clock_init                               - Undefined Weak Reference
    _fp_trap_init                             - Undefined Weak Reference
    _fp_trap_shutdown                         - Undefined Weak Reference
    _get_lc_collate                           - Undefined Weak Reference
    _get_lc_ctype                             - Undefined Weak Reference
    _get_lc_monetary                          - Undefined Weak Reference
    _get_lc_numeric                           - Undefined Weak Reference
    _get_lc_time                              - Undefined Weak Reference
    _getenv_init                              - Undefined Weak Reference
    _handle_redirection                       - Undefined Weak Reference
    _mutex_acquire                            - Undefined Weak Reference
    _mutex_free                               - Undefined Weak Reference
    _mutex_release                            - Undefined Weak Reference
    _rand_init                                - Undefined Weak Reference
    _signal_finish                            - Undefined Weak Reference
    _signal_init                              - Undefined Weak Reference
    Image$$RW_IRAM1$$Length                  0x0000001c   Number         0  anon$$obj.o ABSOLUTE
    Image$$RW_IRAM1$$ZI$$Length              0x00000d84   Number         0  anon$$obj.o ABSOLUTE
    Image$$ER_IROM1$$Length                  0x000010c0   Number         0  anon$$obj.o ABSOLUTE
    Image$$ER_IROM1$$Base                    0x08000000   Number         0  anon$$obj.o ABSOLUTE
    Load$$ER_IROM1$$Base                     0x08000000   Number         0  anon$$obj.o ABSOLUTE
    __Vectors                                0x08000000   Data           4  start.o(RESET)
    Reset_Handler                            0x08000041   Thumb Code    58  start.o(.text)
    __rt_lib_init_heap_2                     0x08000041   Thumb Code     0  libinit2.o(.ARM.Collect$$libinit$$0000000A)
    __rt_lib_init_stdio_2                    0x08000041   Thumb Code     0  libinit2.o(.ARM.Collect$$libinit$$00000025)
    __rt_lib_shutdown_stdio_2                0x08000041   Thumb Code     0  libshutdown2.o(.ARM.Collect$$libshutdown$$00000003)
    _maybe_terminate_alloc                   0x08000041   Thumb Code     0  maybetermalloc1.o(.emb_text)
    StartTask_asm                            0x08000081   Thumb Code    10  start.o(.text)
    __2printf                                0x080000a9   Thumb Code    20  noretval__2printf.o(.text)
    __aeabi_memcpy4                          0x080000c1   Thumb Code     0  rt_memcpy_w.o(.text)
    __aeabi_memcpy8                          0x080000c1   Thumb Code     0  rt_memcpy_w.o(.text)
    __rt_memcpy_w                            0x080000c1   Thumb Code   100  rt_memcpy_w.o(.text)
    _memcpy_lastbytes_aligned                0x08000109   Thumb Code     0  rt_memcpy_w.o(.text)
    __aeabi_memclr4                          0x08000125   Thumb Code     0  rt_memclr_w.o(.text)
    __aeabi_memclr8                          0x08000125   Thumb Code     0  rt_memclr_w.o(.text)
    __rt_memclr_w                            0x08000125   Thumb Code    78  rt_memclr_w.o(.text)
    _memset_w                                0x08000129   Thumb Code     0  rt_memclr_w.o(.text)
    _printf_char_file                        0x08000175   Thumb Code    32  _printf_char_file.o(.text)
    _printf_char_common                      0x080001a3   Thumb Code    32  _printf_char_common.o(.text)
    ferror                                   0x080001c9   Thumb Code     8  ferror.o(.text)
    _initio                                  0x080001d1   Thumb Code   210  initio.o(.text)
    _terminateio                             0x080002a3   Thumb Code    56  initio.o(.text)
    _sys_open                                0x08000309   Thumb Code    20  sys_io.o(.text)
    _sys_close                               0x0800031d   Thumb Code    12  sys_io.o(.text)
    _sys_write                               0x08000329   Thumb Code    16  sys_io.o(.text)
    _sys_read                                0x08000339   Thumb Code    14  sys_io.o(.text)
    _sys_istty                               0x08000347   Thumb Code    12  sys_io.o(.text)
    _sys_seek                                0x08000353   Thumb Code    14  sys_io.o(.text)
    _sys_ensure                              0x08000361   Thumb Code     2  sys_io.o(.text)
    _sys_flen                                0x08000363   Thumb Code    12  sys_io.o(.text)
    free                                     0x0800036f   Thumb Code    78  h1_free.o(.text)
    __printf                                 0x080003bd   Thumb Code    40  __printf_nopercent.o(.text)
    __flsbuf                                 0x080003e5   Thumb Code   470  flsbuf.o(.text)
    __flsbuf_byte                            0x080003e5   Thumb Code     0  flsbuf.o(.text)
    __flsbuf_wide                            0x080003e5   Thumb Code     0  flsbuf.o(.text)
    setvbuf                                  0x080005bb   Thumb Code    70  setvbuf.o(.text)
    freopen                                  0x08000601   Thumb Code   158  fopen.o(.text)
    fopen                                    0x0800069f   Thumb Code    74  fopen.o(.text)
    _fclose_internal                         0x080006ed   Thumb Code    76  fclose.o(.text)
    fclose                                   0x080006ed   Thumb Code     0  fclose.o(.text)
    __rt_SIGRTRED                            0x08000739   Thumb Code    14  defsig_rtred_outer.o(.text)
    __I$use$semihosting                      0x08000747   Thumb Code     0  use_no_semi.o(.text)
    __use_no_semihosting_swi                 0x08000747   Thumb Code     2  use_no_semi.o(.text)
    __rt_heap_descriptor                     0x08000749   Thumb Code     8  rt_heap_descriptor.o(.text)
    __semihosting_library_function           0x08000749   Thumb Code     0  indicate_semi.o(.text)
    __use_no_heap                            0x08000751   Thumb Code     2  hguard.o(.text)
    __heap$guard                             0x08000753   Thumb Code     2  hguard.o(.text)
    _terminate_user_alloc                    0x08000755   Thumb Code     2  init_alloc.o(.text)
    _init_user_alloc                         0x08000757   Thumb Code     2  init_alloc.o(.text)
    __Heap_Full                              0x08000759   Thumb Code    34  init_alloc.o(.text)
    __Heap_Broken                            0x0800077b   Thumb Code     6  init_alloc.o(.text)
    _init_alloc                              0x08000781   Thumb Code    94  init_alloc.o(.text)
    malloc                                   0x080007df   Thumb Code    94  h1_alloc.o(.text)
    _fseek                                   0x0800083d   Thumb Code   242  fseek.o(.text)
    fseek                                    0x0800083d   Thumb Code     0  fseek.o(.text)
    _seterr                                  0x08000935   Thumb Code    20  stdio.o(.text)
    _writebuf                                0x08000949   Thumb Code    84  stdio.o(.text)
    _fflush                                  0x0800099d   Thumb Code    70  stdio.o(.text)
    _deferredlazyseek                        0x080009e3   Thumb Code    60  stdio.o(.text)
    __sig_exit                               0x08000a25   Thumb Code    10  defsig_exit.o(.text)
    __rt_SIGRTRED_inner                      0x08000a31   Thumb Code    14  defsig_rtred_inner.o(.text)
    strlen                                   0x08000a65   Thumb Code    62  strlen.o(.text)
    _sys_exit                                0x08000aa5   Thumb Code     8  sys_exit.o(.text)
    __Heap_Initialize                        0x08000ab1   Thumb Code    10  h1_init.o(.text)
    __Heap_DescSize                          0x08000abb   Thumb Code     4  h1_init.o(.text)
    __Heap_ProvideMemory                     0x08000abf   Thumb Code    52  h1_extend.o(.text)
    _ftell_internal                          0x08000af3   Thumb Code    66  ftell.o(.text)
    ftell                                    0x08000af3   Thumb Code     0  ftell.o(.text)
    __default_signal_display                 0x08000b35   Thumb Code    50  defsig_general.o(.text)
    __rt_SIGRTMEM                            0x08000b67   Thumb Code    14  defsig_rtmem_outer.o(.text)
    __rt_heap_escrow                         0x08000b75   Thumb Code    22  heapauxa.o(.text)
    __rt_heap_expand                         0x08000b8b   Thumb Code    52  heapauxa.o(.text)
    _ttywrch                                 0x08000bc5   Thumb Code    14  sys_wrch.o(.text)
    __aeabi_errno_addr                       0x08000bd5   Thumb Code     8  rt_errno_addr.o(.text)
    __errno                                  0x08000bd5   Thumb Code     0  rt_errno_addr.o(.text)
    __rt_errno_addr                          0x08000bd5   Thumb Code     0  rt_errno_addr.o(.text)
    __rt_SIGRTMEM_inner                      0x08000bdd   Thumb Code    22  defsig_rtmem_inner.o(.text)
    HardFault_Handler                        0x08000c2d   Thumb Code    10  exception.o(i.HardFault_Handler)
    LedCtrl                                  0x08000c4d   Thumb Code    26  led.o(i.LedCtrl)
    LedInit                                  0x08000c6d   Thumb Code    22  led.o(i.LedInit)
    SVC_Handler                              0x08000c8d   Thumb Code    10  exception.o(i.SVC_Handler)
    SysTickInit                              0x08000ca9   Thumb Code    14  systick.o(i.SysTickInit)
    SysTick_Handler                          0x08000cc1   Thumb Code   110  systick.o(i.SysTick_Handler)
    SystemInit                               0x08000d39   Thumb Code    40  init.o(i.SystemInit)
    UsageFaultInit                           0x08000d81   Thumb Code    12  exception.o(i.UsageFaultInit)
    UsageFault_Handler                       0x08000d91   Thumb Code    88  exception.o(i.UsageFault_Handler)
    create_task                              0x08000e45   Thumb Code    66  task.o(i.create_task)
    fputc                                    0x08000e91   Thumb Code    26  fputc.o(i.fputc)
    get_stack                                0x08000ead   Thumb Code    10  task.o(i.get_stack)
    getchar                                  0x08000ebd   Thumb Code    18  uart.o(i.getchar)
    is_task_running                          0x08000ed5   Thumb Code     6  task.o(i.is_task_running)
    memcpy                                   0x08000ee1   Thumb Code    26  string.o(i.memcpy)
    memset                                   0x08000efb   Thumb Code    20  string.o(i.memset)
    mymain                                   0x08000f11   Thumb Code    22  main.o(i.mymain)
    next_task                                0x08000f31   Thumb Code    18  task.o(i.next_task)
    put_s_hex                                0x08000f4d   Thumb Code    26  string.o(i.put_s_hex)
    putchar                                  0x08000f6d   Thumb Code    18  uart.o(i.putchar)
    puthex                                   0x08000f85   Thumb Code    62  string.o(i.puthex)
    puts                                     0x08000fc9   Thumb Code    22  string.o(i.puts)
    set_task_stack                           0x08000fe1   Thumb Code     8  task.o(i.set_task_stack)
    start_task                               0x08000fed   Thumb Code    32  task.o(i.start_task)
    task_a                                   0x08001031   Thumb Code    14  main.o(i.task_a)
    task_c                                   0x08001041   Thumb Code    28  main.o(i.task_c)
    uart_init                                0x08001065   Thumb Code    68  uart.o(i.uart_init)
    __stdin_name                             0x080010b4   Data           4  sys_io.o(.constdata)
    __stdout_name                            0x080010b8   Data           4  sys_io.o(.constdata)
    __stderr_name                            0x080010bc   Data           4  sys_io.o(.constdata)
    Load$$RW_IRAM1$$Base                     0x080010c0   Number         0  anon$$obj.o ABSOLUTE
    Image$$RW_IRAM1$$Base                    0x20000000   Number         0  anon$$obj.o ABSOLUTE
    cur_task                                 0x20000008   Data           4  task.o(.data)
    __aeabi_stdin                            0x2000000c   Data           4  stdio_streams.o(.data)
    __aeabi_stdout                           0x20000010   Data           4  stdio_streams.o(.data)
    __aeabi_stderr                           0x20000014   Data           4  stdio_streams.o(.data)
    Image$$RW_IRAM1$$ZI$$Base                0x2000001c   Number         0  anon$$obj.o ABSOLUTE
    __stdin                                  0x20000c9c   Data          84  stdio_streams.o(.bss)
    __stdout                                 0x20000cf0   Data          84  stdio_streams.o(.bss)
    __stderr                                 0x20000d44   Data          84  stdio_streams.o(.bss)



==============================================================================

Memory Map of the image

  Image entry point : Not specified.

  Load Region LR_IROM1 (Base: 0x08000000, Size: 0x000010dc, Max: 0x00080000, ABSOLUTE)

    Execution Region ER_IROM1 (Base: 0x08000000, Size: 0x000010c0, Max: 0xffffffff, ABSOLUTE)

    Base Addr    Size         Type   Attr      Idx    E Section Name        Object

    0x08000000   0x00000040   Data   RO           39    RESET               start.o
    0x08000040   0x00000000   Code   RO          357    .ARM.Collect$$libinit$$0000000A  c_w.l(libinit2.o)
    0x08000040   0x00000000   Code   RO          384    .ARM.Collect$$libinit$$00000025  c_w.l(libinit2.o)
    0x08000040   0x00000000   Code   RO          398    .ARM.Collect$$libshutdown$$00000003  c_w.l(libshutdown2.o)
    0x08000040   0x00000000   Code   RO          472    .emb_text           c_w.l(maybetermalloc1.o)
    0x08000040   0x00000068   Code   RO           40    .text               start.o
    0x080000a8   0x00000018   Code   RO          239    .text               c_w.l(noretval__2printf.o)
    0x080000c0   0x00000064   Code   RO          241    .text               c_w.l(rt_memcpy_w.o)
    0x08000124   0x0000004e   Code   RO          243    .text               c_w.l(rt_memclr_w.o)
    0x08000172   0x00000002   PAD
    0x08000174   0x00000024   Code   RO          245    .text               c_w.l(_printf_char_file.o)
    0x08000198   0x00000030   Code   RO          253    .text               c_w.l(_printf_char_common.o)
    0x080001c8   0x00000008   Code   RO          255    .text               c_w.l(ferror.o)
    0x080001d0   0x00000138   Code   RO          261    .text               c_w.l(initio.o)
    0x08000308   0x00000066   Code   RO          269    .text               c_w.l(sys_io.o)
    0x0800036e   0x0000004e   Code   RO          278    .text               c_w.l(h1_free.o)
    0x080003bc   0x00000028   Code   RO          332    .text               c_w.l(__printf_nopercent.o)
    0x080003e4   0x000001d6   Code   RO          334    .text               c_w.l(flsbuf.o)
    0x080005ba   0x00000046   Code   RO          336    .text               c_w.l(setvbuf.o)
    0x08000600   0x000000ec   Code   RO          339    .text               c_w.l(fopen.o)
    0x080006ec   0x0000004c   Code   RO          341    .text               c_w.l(fclose.o)
    0x08000738   0x0000000e   Code   RO          347    .text               c_w.l(defsig_rtred_outer.o)
    0x08000746   0x00000002   Code   RO          413    .text               c_w.l(use_no_semi.o)
    0x08000748   0x00000000   Code   RO          415    .text               c_w.l(indicate_semi.o)
    0x08000748   0x00000008   Code   RO          418    .text               c_w.l(rt_heap_descriptor.o)
    0x08000750   0x00000004   Code   RO          423    .text               c_w.l(hguard.o)
    0x08000754   0x0000008a   Code   RO          425    .text               c_w.l(init_alloc.o)
    0x080007de   0x0000005e   Code   RO          431    .text               c_w.l(h1_alloc.o)
    0x0800083c   0x000000f8   Code   RO          447    .text               c_w.l(fseek.o)
    0x08000934   0x000000f0   Code   RO          449    .text               c_w.l(stdio.o)
    0x08000a24   0x0000000a   Code   RO          455    .text               c_w.l(defsig_exit.o)
    0x08000a2e   0x00000002   PAD
    0x08000a30   0x00000034   Code   RO          457    .text               c_w.l(defsig_rtred_inner.o)
    0x08000a64   0x0000003e   Code   RO          461    .text               c_w.l(strlen.o)
    0x08000aa2   0x00000002   PAD
    0x08000aa4   0x0000000c   Code   RO          467    .text               c_w.l(sys_exit.o)
    0x08000ab0   0x0000000e   Code   RO          474    .text               c_w.l(h1_init.o)
    0x08000abe   0x00000034   Code   RO          476    .text               c_w.l(h1_extend.o)
    0x08000af2   0x00000042   Code   RO          486    .text               c_w.l(ftell.o)
    0x08000b34   0x00000032   Code   RO          494    .text               c_w.l(defsig_general.o)
    0x08000b66   0x0000000e   Code   RO          496    .text               c_w.l(defsig_rtmem_outer.o)
    0x08000b74   0x00000050   Code   RO          502    .text               c_w.l(heapauxa.o)
    0x08000bc4   0x0000000e   Code   RO          513    .text               c_w.l(sys_wrch.o)
    0x08000bd2   0x00000002   PAD
    0x08000bd4   0x00000008   Code   RO          517    .text               c_w.l(rt_errno_addr.o)
    0x08000bdc   0x00000050   Code   RO          526    .text               c_w.l(defsig_rtmem_inner.o)
    0x08000c2c   0x00000020   Code   RO          116    i.HardFault_Handler  exception.o
    0x08000c4c   0x00000020   Code   RO          170    i.LedCtrl           led.o
    0x08000c6c   0x00000020   Code   RO          171    i.LedInit           led.o
    0x08000c8c   0x0000001c   Code   RO          117    i.SVC_Handler       exception.o
    0x08000ca8   0x00000018   Code   RO          149    i.SysTickInit       systick.o
    0x08000cc0   0x00000078   Code   RO          150    i.SysTick_Handler   systick.o
    0x08000d38   0x00000048   Code   RO          105    i.SystemInit        init.o
    0x08000d80   0x00000010   Code   RO          118    i.UsageFaultInit    exception.o
    0x08000d90   0x000000b4   Code   RO          119    i.UsageFault_Handler  exception.o
    0x08000e44   0x0000004c   Code   RO          186    i.create_task       task.o
    0x08000e90   0x0000001a   Code   RO          258    i.fputc             c_w.l(fputc.o)
    0x08000eaa   0x00000002   PAD
    0x08000eac   0x00000010   Code   RO          187    i.get_stack         task.o
    0x08000ebc   0x00000018   Code   RO           45    i.getchar           uart.o
    0x08000ed4   0x0000000c   Code   RO          188    i.is_task_running   task.o
    0x08000ee0   0x0000001a   Code   RO           69    i.memcpy            string.o
    0x08000efa   0x00000014   Code   RO           70    i.memset            string.o
    0x08000f0e   0x00000002   PAD
    0x08000f10   0x00000020   Code   RO            1    i.mymain            main.o
    0x08000f30   0x0000001c   Code   RO          189    i.next_task         task.o
    0x08000f4c   0x00000020   Code   RO           71    i.put_s_hex         string.o
    0x08000f6c   0x00000018   Code   RO           46    i.putchar           uart.o
    0x08000f84   0x00000044   Code   RO           72    i.puthex            string.o
    0x08000fc8   0x00000016   Code   RO           73    i.puts              string.o
    0x08000fde   0x00000002   PAD
    0x08000fe0   0x0000000c   Code   RO          190    i.set_task_stack    task.o
    0x08000fec   0x00000044   Code   RO          191    i.start_task        task.o
    0x08001030   0x0000000e   Code   RO            2    i.task_a            main.o
    0x0800103e   0x00000002   PAD
    0x08001040   0x00000024   Code   RO            3    i.task_c            main.o
    0x08001064   0x00000050   Code   RO           47    i.uart_init         uart.o
    0x080010b4   0x00000004   Data   RO          270    .constdata          c_w.l(sys_io.o)
    0x080010b8   0x00000004   Data   RO          271    .constdata          c_w.l(sys_io.o)
    0x080010bc   0x00000004   Data   RO          272    .constdata          c_w.l(sys_io.o)


    Execution Region RW_IRAM1 (Base: 0x20000000, Size: 0x00000da0, Max: 0xffffffff, ABSOLUTE)

    Base Addr    Size         Type   Attr      Idx    E Section Name        Object

    0x20000000   0x0000000c   Data   RW          193    .data               task.o
    0x2000000c   0x00000004   Data   RW          250    .data               c_w.l(stdio_streams.o)
    0x20000010   0x00000004   Data   RW          251    .data               c_w.l(stdio_streams.o)
    0x20000014   0x00000004   Data   RW          252    .data               c_w.l(stdio_streams.o)
    0x20000018   0x00000004   Data   RW          503    .data               c_w.l(heapauxa.o)
    0x2000001c   0x00000c00   Zero   RW            4    .bss                main.o
    0x20000c1c   0x00000080   Zero   RW          192    .bss                task.o
    0x20000c9c   0x00000054   Zero   RW          247    .bss                c_w.l(stdio_streams.o)
    0x20000cf0   0x00000054   Zero   RW          248    .bss                c_w.l(stdio_streams.o)
    0x20000d44   0x00000054   Zero   RW          249    .bss                c_w.l(stdio_streams.o)
    0x20000d98   0x00000004   Zero   RW          419    .bss                c_w.l(rt_heap_descriptor.o)
    0x20000d9c   0x00000004   Zero   RW          518    .bss                c_w.l(rt_errno_addr.o)


==============================================================================

Image component sizes


      Code (inc. data)   RO Data    RW Data    ZI Data      Debug   Object Name

       256        136          0          0          0       9560   exception.o
        72         32          0          0          0        437   init.o
        64         16          0          0          0        900   led.o
        82         18          0          0       3072       3371   main.o
       104         12         64          0          0        516   start.o
       168         12          0          0          0       2722   string.o
       144         20          0          0          0       1844   systick.o
       212         72          0         12        128       3701   task.o
       128         24          0          0          0       1808   uart.o

    ----------------------------------------------------------------------
      1236        342         64         12       3200      24859   Object Totals
         0          0          0          0          0          0   (incl. Generated)
         6          0          0          0          0          0   (incl. Padding)

    ----------------------------------------------------------------------

      Code (inc. data)   RO Data    RW Data    ZI Data      Debug   Library Member Name

        40          0          0          0          0         84   __printf_nopercent.o
        48          6          0          0          0         96   _printf_char_common.o
        36          4          0          0          0         80   _printf_char_file.o
        10          0          0          0          0         68   defsig_exit.o
        50          0          0          0          0         88   defsig_general.o
        80         58          0          0          0         76   defsig_rtmem_inner.o
        14          0          0          0          0         80   defsig_rtmem_outer.o
        52         38          0          0          0         76   defsig_rtred_inner.o
        14          0          0          0          0         80   defsig_rtred_outer.o
        76          0          0          0          0         88   fclose.o
         8          0          0          0          0         68   ferror.o
       470          0          0          0          0         88   flsbuf.o
       236          4          0          0          0        128   fopen.o
        26          0          0          0          0         68   fputc.o
       248          6          0          0          0         84   fseek.o
        66          0          0          0          0         76   ftell.o
        94          0          0          0          0         80   h1_alloc.o
        52          0          0          0          0         68   h1_extend.o
        78          0          0          0          0         80   h1_free.o
        14          0          0          0          0         84   h1_init.o
        80          6          0          4          0         96   heapauxa.o
         4          0          0          0          0        136   hguard.o
         0          0          0          0          0          0   indicate_semi.o
       138          0          0          0          0        168   init_alloc.o
       312         46          0          0          0        112   initio.o
         0          0          0          0          0          0   libinit2.o
         0          0          0          0          0          0   libshutdown2.o
         0          0          0          0          0          0   maybetermalloc1.o
        24          4          0          0          0         84   noretval__2printf.o
         8          4          0          0          4         68   rt_errno_addr.o
         8          4          0          0          4         68   rt_heap_descriptor.o
        78          0          0          0          0         80   rt_memclr_w.o
       100          0          0          0          0         80   rt_memcpy_w.o
        70          0          0          0          0         80   setvbuf.o
       240          6          0          0          0        156   stdio.o
         0          0          0         12        252          0   stdio_streams.o
        62          0          0          0          0         76   strlen.o
        12          4          0          0          0         68   sys_exit.o
       102          0         12          0          0        240   sys_io.o
        14          0          0          0          0         76   sys_wrch.o
         2          0          0          0          0         68   use_no_semi.o

    ----------------------------------------------------------------------
      2976        190         12         16        260       3296   Library Totals
        10          0          0          0          0          0   (incl. Padding)

    ----------------------------------------------------------------------

      Code (inc. data)   RO Data    RW Data    ZI Data      Debug   Library Name

      2966        190         12         16        260       3296   c_w.l

    ----------------------------------------------------------------------
      2976        190         12         16        260       3296   Library Totals

    ----------------------------------------------------------------------

==============================================================================


      Code (inc. data)   RO Data    RW Data    ZI Data      Debug   

      4212        532         76         28       3460      25139   Grand Totals
      4212        532         76         28       3460      25139   ELF Image Totals
      4212        532         76         28          0          0   ROM Totals

==============================================================================

    Total RO  Size (Code + RO Data)                 4288 (   4.19kB)
    Total RW  Size (RW Data + ZI Data)              3488 (   3.41kB)
    Total ROM Size (Code + RO Data + RW Data)       4316 (   4.21kB)

==============================================================================

